// Jest Snapshot v1, https://goo.gl/fbAQLP

exports[`generateLinkedList should generate linked list from values 2 1`] = `
Object {
  "next": Object {
    "next": Object {
      "next": Object {
        "next": Object {
          "next": null,
          "value": null,
        },
        "value": "d",
      },
      "value": "c",
    },
    "value": "b",
  },
  "value": "a",
}
`;
